2025-08-20 10:40:50.536 [info] Extension host with pid 1270 started
2025-08-20 10:40:50.545 [info] Lock '/home/p_budhwar/.codeoss/data/User/workspaceStorage/7a836eab/vscode.lock': Lock acquired.
2025-08-20 10:40:51.372 [info] ExtensionService#_doActivateExtension vscode.emmet, startup: false, activationEvent: 'onLanguage'
2025-08-20 10:40:51.374 [info] ExtensionService#_doActivateExtension vscode.configuration-editing, startup: false, activationEvent: 'onLanguage:jsonc'
2025-08-20 10:40:51.374 [info] ExtensionService#_doActivateExtension vscode.json-language-features, startup: false, activationEvent: 'onLanguage:jsonc'
2025-08-20 10:40:51.375 [info] ExtensionService#_doActivateExtension vscode.typescript-language-features, startup: false, activationEvent: 'onLanguage:jsonc'
2025-08-20 10:40:52.374 [info] ExtensionService#_doActivateExtension vscode.git-base, startup: true, activationEvent: '*', root cause: vscode.git
2025-08-20 10:40:52.698 [info] ExtensionService#_doActivateExtension vscode.git, startup: true, activationEvent: '*'
2025-08-20 10:40:52.698 [info] ExtensionService#_doActivateExtension vscode.github, startup: true, activationEvent: '*'
2025-08-20 10:40:53.360 [info] Eager extensions activated
2025-08-20 10:40:53.360 [info] ExtensionService#_doActivateExtension EditorConfig.EditorConfig, startup: false, activationEvent: 'onStartupFinished'
2025-08-20 10:40:53.361 [info] ExtensionService#_doActivateExtension google.cloud-shell, startup: false, activationEvent: 'onStartupFinished'
2025-08-20 10:40:53.361 [info] ExtensionService#_doActivateExtension google.geminicodeassist, startup: false, activationEvent: 'onStartupFinished', root cause: googlecloudtools.cloudcode
2025-08-20 10:40:53.361 [info] ExtensionService#_doActivateExtension vscode.debug-auto-launch, startup: false, activationEvent: 'onStartupFinished'
2025-08-20 10:40:53.362 [info] ExtensionService#_doActivateExtension vscode.merge-conflict, startup: false, activationEvent: 'onStartupFinished'
2025-08-20 10:40:56.018 [info] ExtensionService#_doActivateExtension googlecloudtools.cloudcode, startup: false, activationEvent: 'onStartupFinished'
2025-08-20 10:48:24.000 [info] ExtensionService#_doActivateExtension vscode.github-authentication, startup: false, activationEvent: 'onAuthenticationRequest:github'
2025-08-20 11:43:17.774 [error] EntryNotFound (FileSystemError): Error: ENOENT: no such file or directory, stat '/home/p_budhwar/.cache/cloud-code/CLOUDCODE_BINARY_FROM_ZIP_LOCK'
    at Function.e (file:///google/devshell/editor/code-oss-for-cloud-shell/out/vs/workbench/api/node/extensionHostProcess.js:119:18064)
    at Object.stat (file:///google/devshell/editor/code-oss-for-cloud-shell/out/vs/workbench/api/node/extensionHostProcess.js:119:16011)
    at t.ChatViewProvider.uri [as addFileOrFolder] (/google/devshell/editor/code-oss-for-cloud-shell/extensions/geminicodeassist/dist/webpack:/gemini_code_assist/src/ai-companion/chat/chat_view_provider.ts:224:11)
    at ed.value (/google/devshell/editor/code-oss-for-cloud-shell/extensions/geminicodeassist/dist/webpack:/gemini_code_assist/src/ai-companion/chat/chat_view_provider.ts:209:52)
2025-08-20 12:04:42.658 [info] ExtensionService#_doActivateExtension ms-python.python, startup: false, activationEvent: 'onLanguage:python'
2025-08-20 12:04:43.363 [error] Error: spawn /google/devshell/editor/code-oss-for-cloud-shell/extensions/ms-python.python/python-env-tools/bin/pet ENOENT
    at Process.ChildProcess._handle.onexit (node:internal/child_process:285:19)
    at onErrorNT (node:internal/child_process:483:16)
    at processTicksAndRejections (node:internal/process/task_queues:82:21)
2025-08-20 12:41:52.547 [error] Error: unauthorized.
    at e.Authorization.authorize (/google/devshell/editor/code-oss-for-cloud-shell/extensions/cloud-shell/dist/extension.js:1:6008)
    at Wb.resp [as h] (file:///google/devshell/editor/code-oss-for-cloud-shell/out/vs/workbench/api/node/extensionHostProcess.js:119:41516)
    at t.CloudShellTheiaAuth.promptForOrGetAuth (/google/devshell/editor/code-oss-for-cloud-shell/extensions/geminicodeassist/dist/webpack:/common/packages/cloudshell/authorization.ts:86:11)
    at t.CloudShellTheiaAuth.validCache [as runAuthorization] (/google/devshell/editor/code-oss-for-cloud-shell/extensions/geminicodeassist/dist/webpack:/common/packages/cloudshell/authorization.ts:70:7)
    at t.CloudShellAuthProvider.accessToken [as getAccessToken] (/google/devshell/editor/code-oss-for-cloud-shell/extensions/geminicodeassist/dist/webpack:/common/packages/auth/cloudshell_auth_provider.ts:39:35)
    at c.updateExperimentationDataCache (/google/devshell/editor/code-oss-for-cloud-shell/extensions/geminicodeassist/dist/webpack:/common/packages/experimentation/experiment_service.ts:299:11)
    at context (/google/devshell/editor/code-oss-for-cloud-shell/extensions/geminicodeassist/dist/webpack:/common/packages/experimentation/experiment_service.ts:290:117)
    at c.updateExperimentationData (/google/devshell/editor/code-oss-for-cloud-shell/extensions/geminicodeassist/dist/webpack:/gemini_code_assist/src/packages/experimentation/gemini_experiment_service.ts:46:35) cloudshell.authorize {"value":"google.cloud-shell","_lower":"google.cloud-shell"}
2025-08-20 12:41:53.549 [error] Error: Error calling Cloud Shell Theia Authorization. unauthorized.
    at t.CloudShellTheiaAuth.validCache [as runAuthorization] (/google/devshell/editor/code-oss-for-cloud-shell/extensions/geminicodeassist/dist/webpack:/common/packages/cloudshell/authorization.ts:73:13)
    at t.CloudShellAuthProvider.accessToken [as getAccessToken] (/google/devshell/editor/code-oss-for-cloud-shell/extensions/geminicodeassist/dist/webpack:/common/packages/auth/cloudshell_auth_provider.ts:39:35)
    at c.updateExperimentationDataCache (/google/devshell/editor/code-oss-for-cloud-shell/extensions/geminicodeassist/dist/webpack:/common/packages/experimentation/experiment_service.ts:299:11)
    at context (/google/devshell/editor/code-oss-for-cloud-shell/extensions/geminicodeassist/dist/webpack:/common/packages/experimentation/experiment_service.ts:290:117)
    at c.updateExperimentationData (/google/devshell/editor/code-oss-for-cloud-shell/extensions/geminicodeassist/dist/webpack:/gemini_code_assist/src/packages/experimentation/gemini_experiment_service.ts:46:35)
2025-08-20 12:45:17.991 [error] EntryNotFound (FileSystemError): Error: ENOENT: no such file or directory, stat '/home/p_budhwar/.cache/cloud-code/CLOUDCODE_BINARY_FROM_ZIP_LOCK'
    at Function.e (file:///google/devshell/editor/code-oss-for-cloud-shell/out/vs/workbench/api/node/extensionHostProcess.js:119:18064)
    at Object.stat (file:///google/devshell/editor/code-oss-for-cloud-shell/out/vs/workbench/api/node/extensionHostProcess.js:119:16011)
    at t.ChatViewProvider.uri [as addFileOrFolder] (/google/devshell/editor/code-oss-for-cloud-shell/extensions/geminicodeassist/dist/webpack:/gemini_code_assist/src/ai-companion/chat/chat_view_provider.ts:224:11)
    at ed.value (/google/devshell/editor/code-oss-for-cloud-shell/extensions/geminicodeassist/dist/webpack:/gemini_code_assist/src/ai-companion/chat/chat_view_provider.ts:209:52)
