0 verbose cli /usr/local/nvm/versions/node/v22.19.0/bin/node /usr/local/nvm/versions/node/v22.19.0/bin/npm
0 verbose cli /usr/local/nvm/versions/node/v22.19.0/bin/node /usr/local/nvm/versions/node/v22.19.0/bin/npm
1 info using npm@11.5.2
1 info using npm@11.5.2
2 info using node@v22.19.0
2 info using node@v22.19.0
3 silly config load:file:/usr/local/nvm/versions/node/v22.19.0/lib/node_modules/npm/npmrc
3 silly config load:file:/usr/local/nvm/versions/node/v22.19.0/lib/node_modules/npm/npmrc
4 silly config load:file:/home/p_budhwar/.npmrc
4 silly config load:file:/home/p_budhwar/.npmrc
5 silly config load:file:/usr/local/nvm/versions/node/v22.19.0/etc/npmrc
5 silly config load:file:/usr/local/nvm/versions/node/v22.19.0/etc/npmrc
6 verbose title npm config get prefix
6 verbose title npm config get prefix
7 verbose argv "config" "--loglevel" "warn" "get" "prefix"
7 verbose argv "config" "--loglevel" "warn" "get" "prefix"
8 verbose logfile logs-max:10 dir:/home/p_budhwar/.npm/_logs/2025-09-09T15_39_16_435Z-
8 verbose logfile logs-max:10 dir:/home/p_budhwar/.npm/_logs/2025-09-09T15_39_16_435Z-
9 verbose logfile /home/p_budhwar/.npm/_logs/2025-09-09T15_39_16_435Z-debug-0.log
9 verbose logfile /home/p_budhwar/.npm/_logs/2025-09-09T15_39_16_435Z-debug-0.log
10 silly logfile start cleaning logs, removing 1 files
10 silly logfile start cleaning logs, removing 1 files
11 verbose cwd /home/p_budhwar
11 verbose cwd /home/p_budhwar
12 verbose os Linux 6.6.97+
12 verbose os Linux 6.6.97+
13 verbose node v22.19.0
13 verbose node v22.19.0
14 verbose npm  v11.5.2
14 verbose npm  v11.5.2
15 verbose exit 0
15 verbose exit 0
16 info ok
16 info ok
