2025-08-26 11:36:15.407 [info] [main] Log level: Info
2025-08-26 11:36:15.407 [info] [main] Validating found git in: "git"
2025-08-26 11:36:15.407 [info] [main] Using git "2.43.0" from "git"
2025-08-26 11:36:15.407 [info] [Model][doInitialScan] Initial repository scan started
2025-08-26 11:36:15.407 [info] > git rev-parse --show-toplevel [12ms]
2025-08-26 11:36:15.407 [info] fatal: not a git repository (or any parent up to mount point /)
Stopping at filesystem boundary (GIT_DISCOVERY_ACROSS_FILESYSTEM not set).
2025-08-26 11:36:15.445 [info] > git rev-parse --show-toplevel [56ms]
2025-08-26 11:36:15.455 [info] > git rev-parse --git-dir --git-common-dir [2ms]
2025-08-26 11:36:15.475 [info] [Model][openRepository] Opened repository (path): /home/p_budhwar/instavibe-bootstrap
2025-08-26 11:36:15.475 [info] [Model][openRepository] Opened repository (real path): /home/p_budhwar/instavibe-bootstrap
2025-08-26 11:36:15.491 [info] > git config --get commit.template [6ms]
2025-08-26 11:36:15.492 [info] > git rev-parse --show-toplevel [2ms]
2025-08-26 11:36:15.492 [info] fatal: not a git repository (or any parent up to mount point /)
Stopping at filesystem boundary (GIT_DISCOVERY_ACROSS_FILESYSTEM not set).
2025-08-26 11:36:15.520 [info] > git rev-parse --show-toplevel [16ms]
2025-08-26 11:36:15.520 [info] fatal: not a git repository (or any parent up to mount point /)
Stopping at filesystem boundary (GIT_DISCOVERY_ACROSS_FILESYSTEM not set).
2025-08-26 11:36:15.526 [info] > git rev-parse --show-toplevel [3ms]
2025-08-26 11:36:15.526 [info] fatal: not a git repository (or any parent up to mount point /)
Stopping at filesystem boundary (GIT_DISCOVERY_ACROSS_FILESYSTEM not set).
2025-08-26 11:36:15.532 [info] > git rev-parse --show-toplevel [1ms]
2025-08-26 11:36:15.532 [info] fatal: not a git repository (or any parent up to mount point /)
Stopping at filesystem boundary (GIT_DISCOVERY_ACROSS_FILESYSTEM not set).
2025-08-26 11:36:15.538 [info] > git rev-parse --show-toplevel [2ms]
2025-08-26 11:36:15.538 [info] fatal: not a git repository (or any parent up to mount point /)
Stopping at filesystem boundary (GIT_DISCOVERY_ACROSS_FILESYSTEM not set).
2025-08-26 11:36:15.543 [info] > git rev-parse --show-toplevel [2ms]
2025-08-26 11:36:15.543 [info] fatal: not a git repository (or any parent up to mount point /)
Stopping at filesystem boundary (GIT_DISCOVERY_ACROSS_FILESYSTEM not set).
2025-08-26 11:36:15.549 [info] > git rev-parse --show-toplevel [2ms]
2025-08-26 11:36:15.549 [info] fatal: not a git repository (or any parent up to mount point /)
Stopping at filesystem boundary (GIT_DISCOVERY_ACROSS_FILESYSTEM not set).
2025-08-26 11:36:15.554 [info] > git rev-parse --show-toplevel [1ms]
2025-08-26 11:36:15.554 [info] fatal: not a git repository (or any parent up to mount point /)
Stopping at filesystem boundary (GIT_DISCOVERY_ACROSS_FILESYSTEM not set).
2025-08-26 11:36:15.563 [info] > git rev-parse --show-toplevel [5ms]
2025-08-26 11:36:15.569 [info] > git rev-parse --git-dir --git-common-dir [2ms]
2025-08-26 11:36:15.576 [info] [Model][openRepository] Opened repository (path): /home/p_budhwar/a2a-inspector
2025-08-26 11:36:15.576 [info] [Model][openRepository] Opened repository (real path): /home/p_budhwar/a2a-inspector
2025-08-26 11:36:15.577 [info] [Model][doInitialScan] Initial repository scan completed - repositories (2), closed repositories (0), parent repositories (0), unsafe repositories (0)
2025-08-26 11:36:15.589 [info] > git config --get commit.template [6ms]
2025-08-26 11:36:15.631 [info] > git for-each-ref --format=%(refname)%00%(upstream:short)%00%(objectname)%00%(upstream:track)%00%(upstream:remotename)%00%(upstream:remoteref) refs/heads/main refs/remotes/main [44ms]
2025-08-26 11:36:15.641 [warning] [Git][revParse] Unable to read file: ENOENT: no such file or directory, open '/home/p_budhwar/a2a-inspector/.git/refs/remotes/origin/main'
2025-08-26 11:36:15.642 [info] > git rev-parse refs/remotes/origin/main [5ms]
2025-08-26 11:36:15.665 [info] > git for-each-ref --format=%(refname)%00%(upstream:short)%00%(objectname)%00%(upstream:track)%00%(upstream:remotename)%00%(upstream:remoteref) refs/heads/adk-1.2.1-a2a-0.2.7 refs/remotes/adk-1.2.1-a2a-0.2.7 [168ms]
2025-08-26 11:36:15.670 [info] > git for-each-ref --sort -committerdate --format %(refname)%00%(objectname)%00%(*objectname) [6ms]
2025-08-26 11:36:15.685 [warning] [Git][revParse] Unable to read file: ENOENT: no such file or directory, open '/home/p_budhwar/instavibe-bootstrap/.git/refs/remotes/origin/adk-1.2.1-a2a-0.2.7'
2025-08-26 11:36:15.690 [info] > git rev-parse refs/remotes/origin/adk-1.2.1-a2a-0.2.7 [5ms]
2025-08-26 11:36:15.707 [info] > git status -z -uall [55ms]
2025-08-26 11:36:15.787 [info] > git for-each-ref --format=%(refname)%00%(upstream:short)%00%(objectname)%00%(upstream:track)%00%(upstream:remotename)%00%(upstream:remoteref) refs/heads/main refs/remotes/main [28ms]
2025-08-26 11:36:15.798 [info] > git for-each-ref --sort -committerdate --format %(refname)%00%(objectname)%00%(*objectname) [92ms]
2025-08-26 11:36:15.801 [info] > git config --get --local branch.main.vscode-merge-base [5ms]
2025-08-26 11:36:15.807 [info] > git config --get commit.template [32ms]
2025-08-26 11:36:15.813 [info] > git for-each-ref --format=%(refname)%00%(upstream:short)%00%(objectname)%00%(upstream:track)%00%(upstream:remotename)%00%(upstream:remoteref) refs/heads/origin/main refs/remotes/origin/main [7ms]
2025-08-26 11:36:15.824 [info] > git for-each-ref --format=%(refname)%00%(upstream:short)%00%(objectname)%00%(upstream:track)%00%(upstream:remotename)%00%(upstream:remoteref) refs/heads/main refs/remotes/main [12ms]
2025-08-26 11:36:15.830 [warning] [Git][revParse] Unable to read file: ENOENT: no such file or directory, open '/home/p_budhwar/a2a-inspector/.git/refs/remotes/origin/main'
2025-08-26 11:36:15.831 [info] > git merge-base refs/heads/main refs/remotes/origin/main [9ms]
2025-08-26 11:36:15.841 [info] > git rev-parse refs/remotes/origin/main [12ms]
2025-08-26 11:36:19.249 [info] > git status -z -uall [3552ms]
2025-08-26 11:36:19.249 [info] > git status -z -uall [3402ms]
2025-08-26 11:36:19.250 [info] > git diff --name-status -z --diff-filter=ADMR 78d9f9b5c41273789c06003bb4ebdb7378196593...refs/remotes/origin/main [3410ms]
2025-08-26 11:36:19.335 [info] > git for-each-ref --sort -committerdate --format %(refname)%00%(objectname)%00%(*objectname) [3478ms]
2025-08-26 11:36:19.375 [info] > git for-each-ref --format=%(refname)%00%(upstream:short)%00%(objectname)%00%(upstream:track)%00%(upstream:remotename)%00%(upstream:remoteref) refs/heads/adk-1.2.1-a2a-0.2.7 refs/remotes/adk-1.2.1-a2a-0.2.7 [42ms]
2025-08-26 11:36:19.423 [info] > git config --get --local branch.adk-1.2.1-a2a-0.2.7.vscode-merge-base [37ms]
2025-08-26 11:36:19.434 [info] > git config --get commit.template [62ms]
2025-08-26 11:36:19.650 [info] > git for-each-ref --format=%(refname)%00%(upstream:short)%00%(objectname)%00%(upstream:track)%00%(upstream:remotename)%00%(upstream:remoteref) refs/heads/origin/main refs/remotes/origin/main [217ms]
2025-08-26 11:36:19.667 [info] > git merge-base refs/heads/adk-1.2.1-a2a-0.2.7 refs/remotes/origin/adk-1.2.1-a2a-0.2.7 [10ms]
2025-08-26 11:36:19.675 [info] > git for-each-ref --format=%(refname)%00%(upstream:short)%00%(objectname)%00%(upstream:track)%00%(upstream:remotename)%00%(upstream:remoteref) refs/heads/adk-1.2.1-a2a-0.2.7 refs/remotes/adk-1.2.1-a2a-0.2.7 [10ms]
2025-08-26 11:36:19.682 [info] > git diff --name-status -z --diff-filter=ADMR 5907507100ee6788c8a23276cfc547e06c5c6f78...refs/remotes/origin/adk-1.2.1-a2a-0.2.7 [9ms]
2025-08-26 11:36:19.689 [warning] [Git][revParse] Unable to read file: ENOENT: no such file or directory, open '/home/p_budhwar/instavibe-bootstrap/.git/refs/remotes/origin/adk-1.2.1-a2a-0.2.7'
2025-08-26 11:36:19.690 [info] > git rev-parse refs/remotes/origin/adk-1.2.1-a2a-0.2.7 [1ms]
2025-08-26 11:36:19.708 [info] > git for-each-ref --sort -committerdate --format %(refname)%00%(objectname)%00%(*objectname) [2ms]
2025-08-26 11:36:19.711 [info] > git status -z -uall [14ms]
2025-08-26 11:36:19.845 [info] > git check-ignore -v -z --stdin [19ms]
2025-08-26 11:36:19.846 [info] > git check-ignore -v -z --stdin [13ms]
2025-08-26 11:36:19.947 [info] > git show --textconv :agents/planner/agent.py [15ms]
2025-08-26 11:36:19.947 [info] > git ls-files --stage -- agents/planner/agent.py [8ms]
2025-08-26 11:36:19.961 [info] > git cat-file -s e69de29bb2d1d6434b8b29ae775ad8c2e48c5391 [7ms]
2025-08-26 11:36:21.395 [info] > git blame --root --incremental 5907507100ee6788c8a23276cfc547e06c5c6f78 -- agents/planner/agent.py [9ms]
2025-08-26 11:36:26.449 [info] > git check-ignore -v -z --stdin [6ms]
2025-08-26 11:36:28.305 [info] > git check-ignore -v -z --stdin [61ms]
2025-08-26 11:36:34.523 [info] > git check-ignore -v -z --stdin [6ms]
2025-08-26 11:36:42.274 [info] > git check-ignore -v -z --stdin [2ms]
2025-08-26 11:41:06.572 [info] > git rev-parse --show-toplevel [2ms]
2025-08-26 11:41:06.572 [info] fatal: not a git repository (or any parent up to mount point /)
Stopping at filesystem boundary (GIT_DISCOVERY_ACROSS_FILESYSTEM not set).
2025-08-26 11:41:06.573 [info] > git log --format=%H%n%aN%n%aE%n%at%n%ct%n%P%n%D%n%B -z --shortstat --diff-merges=first-parent -n50 --skip=0 --topo-order --decorate=full --stdin [70ms]
2025-08-26 11:41:06.588 [info] > git rev-parse --show-toplevel [4ms]
2025-08-26 11:41:06.588 [info] fatal: not a git repository (or any parent up to mount point /)
Stopping at filesystem boundary (GIT_DISCOVERY_ACROSS_FILESYSTEM not set).
2025-08-26 11:41:07.055 [info] > git check-ignore -v -z --stdin [2ms]
2025-08-26 11:41:33.293 [info] > git log --format=%H%n%aN%n%aE%n%at%n%ct%n%P%n%D%n%B -z --shortstat --diff-merges=first-parent -n50 --skip=0 --topo-order --decorate=full --stdin [10ms]
2025-08-26 11:41:46.271 [info] > git rev-parse --show-toplevel [2ms]
2025-08-26 11:41:46.271 [info] fatal: not a git repository (or any parent up to mount point /)
Stopping at filesystem boundary (GIT_DISCOVERY_ACROSS_FILESYSTEM not set).
2025-08-26 11:43:31.133 [info] > git log --format=%H%n%aN%n%aE%n%at%n%ct%n%P%n%D%n%B -z --shortstat --diff-merges=first-parent -n50 --skip=0 --topo-order --decorate=full --stdin [11ms]
2025-08-26 11:43:32.781 [info] > git show --textconv HEAD:agents/planner/agent.py [8ms]
2025-08-26 11:43:32.782 [info] > git ls-tree -l HEAD -- agents/planner/agent.py [3ms]
2025-08-26 11:43:43.867 [info] > git show --textconv :agents/planner/agent.py [7ms]
2025-08-26 11:43:43.868 [info] > git ls-files --stage -- agents/planner/agent.py [2ms]
2025-08-26 11:43:43.876 [info] > git cat-file -s e69de29bb2d1d6434b8b29ae775ad8c2e48c5391 [2ms]
